// Jest Snapshot v1, https://goo.gl/fbAQLP

exports[`Testing <List/> Component validate snapshot  1`] = `"<div><h1 class=\\"big\\">Fruits</h1><ul><li>Apple</li><li>Orange</li><li>Pineaple</li><li>Strawberry</li></ul></div>"`;
